PS C:\Assessments 9\Labs\Week 6> git init
Initialized empty Git repository in C:/Assessments 9/Labs/Week 6/.git/
PS C:\Assessments 9\Labs\Week 6> git add .
PS C:\Assessments 9\Labs\Week 6> git commit -m "Added Exampl 1 and tests" git branch
error: pathspec 'git' did not match any file(s) known to git
error: pathspec 'branch' did not match any file(s) known to git
PS C:\Assessments 9\Labs\Week 6> git commit -m "Added Exampl 1 and tests" git branch -M main
error: unknown switch `M'
usage: git commit [-a | --interactive | --patch] [-s] [-v] [-u<mode>] [--amend]
                  [--dry-run] [(-c | -C | --squash) <commit> | --fixup [(amend|reword):]<commit>]
                  [-F <file> | -m <msg>] [--reset-author] [--allow-empty]
                  [--allow-empty-message] [--no-verify] [-e] [--author=<author>]
                  [--date=<date>] [--cleanup=<mode>] [--[no-]status]
                  [-i | -o] [--pathspec-from-file=<file> [--pathspec-file-nul]]
                  [(--trailer <token>[(=|:)<value>])...] [-S[<keyid>]]
                  [--] [<pathspec>...]

    -q, --[no-]quiet      suppress summary after successful commit
    -v, --[no-]verbose    show diff in commit message template

Commit message options
    -F, --[no-]file <file>
                          read message from file
    --[no-]author <author>
                          override author for commit
    --[no-]date <date>    override date for commit
    -m, --[no-]message <message>
                          commit message
    -c, --[no-]reedit-message <commit>
                          reuse and edit message from specified commit
    -C, --[no-]reuse-message <commit>
                          reuse message from specified commit
    --[no-]fixup [(amend|reword):]commit
                          use autosquash formatted message to fixup or amend/reword specified commit
    --[no-]squash <commit>
                          use autosquash formatted message to squash specified commit
    --[no-]reset-author   the commit is authored by me now (used with -C/-c/--amend)
    --trailer <trailer>   add custom trailer(s)
    -s, --[no-]signoff    add a Signed-off-by trailer
    -t, --[no-]template <file>
                          use specified template file
    -e, --[no-]edit       force edit of commit
    --[no-]cleanup <mode> how to strip spaces and #comments from message
    --[no-]status         include status in commit message template
    -S, --[no-]gpg-sign[=<key-id>]
                          GPG sign commit

Commit contents options
    -a, --[no-]all        commit all changed files
    -i, --[no-]include    add specified files to index for commit
    --[no-]interactive    interactively add files
    -p, --[no-]patch      interactively add changes
    -o, --[no-]only       commit only specified files
    -n, --no-verify       bypass pre-commit and commit-msg hooks
    --verify              opposite of --no-verify
    --[no-]dry-run        show what would be committed
    --[no-]short          show status concisely
    --[no-]branch         show branch information
    --[no-]ahead-behind   compute full ahead/behind values
    --[no-]porcelain      machine-readable output
    --[no-]long           show status in long format (default)
    -z, --[no-]null       terminate entries with NUL
    --[no-]amend          amend previous commit
    --no-post-rewrite     bypass post-rewrite hook
    --post-rewrite        opposite of --no-post-rewrite
    -u, --[no-]untracked-files[=<mode>]
                          show untracked files, optional modes: all, normal, no. (Default: all)
    --[no-]pathspec-from-file <file>
                          read pathspec from file
    --[no-]pathspec-file-nul
                          with --pathspec-from-file, pathspec elements are separated with NUL character

PS C:\Assessments 9\Labs\Week 6> git commit -m "Added Exampl 1 and tests" git branch main
error: pathspec 'git' did not match any file(s) known to git
error: pathspec 'branch' did not match any file(s) known to git
error: pathspec 'main' did not match any file(s) known to git
PS C:\Assessments 9\Labs\Week 6> -M main
-M : The term '-M' is not recognized as the name of a cmdlet, function, script file, or operable program. Check the spelling of the name, or if a path was included, verify that the 
path is correct and try again.
At line:1 char:1
+ -M main
+ ~~
    + CategoryInfo          : ObjectNotFound: (-M:String) [], CommandNotFoundException
    + FullyQualifiedErrorId : CommandNotFoundException

PS C:\Assessments 9\Labs\Week 6> git -M main
unknown option: -M
usage: git [-v | --version] [-h | --help] [-C <path>] [-c <name>=<value>]
           [--exec-path[=<path>]] [--html-path] [--man-path] [--info-path]
           [-p | --paginate | -P | --no-pager] [--no-replace-objects] [--no-lazy-fetch]
           [--no-optional-locks] [--no-advice] [--bare] [--git-dir=<path>]
           [--work-tree=<path>] [--namespace=<name>] [--config-env=<name>=<envvar>]
           <command> [<args>]
PS C:\Assessments 9\Labs\Week 6> git commit -m "Added Exampl 1 and tests"
[master (root-commit) 4c2c721] Added Exampl 1 and tests
 8 files changed, 62 insertions(+)
 create mode 100644 test_1/1.png
 create mode 100644 test_1/2.png
 create mode 100644 test_1/__pycache__/test_1.cpython-311-pytest-8.4.1.pyc
 create mode 100644 test_1/test_1.py
 create mode 100644 test_2/1.png
 create mode 100644 test_2/2.png
 create mode 100644 test_2/__pycache__/test_2.cpython-311-pytest-8.4.1.pyc
 create mode 100644 test_2/test_2.py
PS C:\Assessments 9\Labs\Week 6> git branch -M main
PS C:\Assessments 9\Labs\Week 6> git remote add origin https://github.com/ssktyOar/lab6.git
PS C:\Assessments 9\Labs\Week 6> git push -u origin main
Enumerating objects: 14, done.
Counting objects: 100% (14/14), done.
Enumerating objects: 14, done.
Counting objects: 100% (14/14), done.
Counting objects: 100% (14/14), done.
Delta compression using up to 16 threads
Delta compression using up to 16 threads
Compressing objects: 100% (14/14), done.
Compressing objects: 100% (14/14), done.
Writing objects: 100% (14/14), 1.19 MiB | 1008.00 KiB/s, done.
Total 14 (delta 1), reused 0 (delta 0), pack-reused 0 (from 0)
remote: Resolving deltas: 100% (1/1), done.
To https://github.com/ssktyOar/lab6.git
 * [new branch]      main -> main
branch 'main' set up to track 'origin/main'.
PS C:\Assessments 9\Labs\Week 6> git add .
PS C:\Assessments 9\Labs\Week 6> git commit -m "Added Cl workflow for pytest"
On branch main
Your branch is up to date with 'origin/main'.

nothing to commit, working tree clean
PS C:\Assessments 9\Labs\Week 6> git push
Everything up-to-date
PS C:\Assessments 9\Labs\Week 6> git add
Nothing specified, nothing added.
hint: Maybe you wanted to say 'git add .'?
hint: Disable this message with "git config advice.addEmptyPathspec false"
PS C:\Assessments 9\Labs\Week 6> git add ".git\workflows\python-app.yml"
PS C:\Assessments 9\Labs\Week 6> git push
Everything up-to-date
PS C:\Assessments 9\Labs\Week 6> git add ".git\workflows\python-app.yml"
PS C:\Assessments 9\Labs\Week 6> git push
PS C:\Assessments 9\Labs\Week 6> git add ".git\workflows\python-app.yml"
PS C:\Assessments 9\Labs\Week 6> git add ".git\workflows\python-app.yml"
PS C:\Assessments 9\Labs\Week 6> git add ".git\workflows\python-app.yml"
PS C:\Assessments 9\Labs\Week 6> git add ".git\workflows\python-app.yml"
PS C:\Assessments 9\Labs\Week 6> git push
Everything up-to-date
PS C:\Assessments 9\Labs\Week 6> git commit -m "Added Cl workflow for pytest"
On branch main
Your branch is up to date with 'origin/main'.

nothing to commit, working tree clean
PS C:\Assessments 9\Labs\Week 6> git add .
PS C:\Assessments 9\Labs\Week 6> git commit -m "Added Cl workflow for pytest"
[main 9ad15f7] Added Cl workflow for pytest
 1 file changed, 28 insertions(+)
 create mode 100644 .github/workflows/python-app.yml
PS C:\Assessments 9\Labs\Week 6> git push
Enumerating objects: 6, done.
Counting objects: 100% (6/6), done.
Delta compression using up to 16 threads
Compressing objects: 100% (3/3), done.
Writing objects: 100% (5/5), 645 bytes | 645.00 KiB/s, done.
Total 5 (delta 0), reused 0 (delta 0), pack-reused 0 (from 0)
To https://github.com/ssktyOar/lab6.git
   4c2c721..9ad15f7  main -> main
PS C:\Assessments 9\Labs\Week 6> git add .
PS C:\Assessments 9\Labs\Week 6> git commit -m "Added Cl workflow for pytest"
[main 0bf99a7] Added Cl workflow for pytest
 6 files changed, 1 insertion(+)
 create mode 100644 git command line/1.png
 create mode 100644 git command line/2.png
 create mode 100644 git command line/3.png
 create mode 100644 git command line/4.png
 create mode 100644 python workflow/1.png
 create mode 100644 repositoryLink.txt
PS C:\Assessments 9\Labs\Week 6> git push
Enumerating objects: 11, done.
Counting objects: 100% (11/11), done.
Delta compression using up to 16 threads
Compressing objects: 100% (8/8), done.
Writing objects: 100% (10/10), 1.50 MiB | 511.00 KiB/s, done.
Total 10 (delta 0), reused 0 (delta 0), pack-reused 0 (from 0)
To https://github.com/ssktyOar/lab6.git
   9ad15f7..0bf99a7  main -> main
PS C:\Assessments 9\Labs\Week 6>   